[38;5;63m|[m Updating [38;5;211mcert-manager[m                                                         
[38;5;63m|[m Updating [38;5;211mprometheus[m                                                           
                                                
  [38;2;96;96;96m░░░░░░░░░░░░░░░░░░░░░░░░░░░░░░░░░░░░░░░░[m 1/3  
                                                                                
